Common FORWARD primer alternatives
DMAS-0_common_F_1	CCCCTTCCTATGACATGAAC	58.769	50.000
DMAS-0_common_F_2	GATCCTGAGACTTCCACACT	59.862	50.000
DMAS-0_common_F_3	CCTGAGACTTCCACACTGAT	60.154	50.000
DMAS-0_common_F_4	AACGATCCTGAGACTTCCA	59.049	47.368
DMAS-0_common_F_5	ATCCTGAGACTTCCACACT	58.643	47.368
DMAS-0_common_F_6	ACGATCCTGAGACTTCCA	58.229	50.000
DMAS-0_common_F_7	ATCCCCTTCCTATGACATGA	58.643	45.000
DMAS-0_common_F_8	TCCTGAGACTTCCACACT	58.046	50.000
DMAS-0_common_F_9	GACTTCCACACTGATGCAAT	59.577	45.000
DMAS-0_common_F_10	TCCCCTTCCTATGACATGA	58.068	47.368
DMAS-0_common_F_11	AAACGATCCTGAGACTTCCA	59.787	45.000
DMAS-0_common_F_12	CATTCGTCTGTTTCCCATTC	58.164	45.000
DMAS-0_common_F_13	TCCCCTTCCTATGACATGAAC	60.316	47.619
DMAS-0_common_F_14	CCCCTTCCTATGACATGAACT	60.316	47.619
DMAS-0_common_F_15	CCTGAGACTTCCACACTGATG	61.478	52.381
DMAS-0_common_F_16	TGATGCAATCATTCGTCTGT	58.998	40.000
DMAS-0_common_F_17	CATTCGTCTGTTTCCCATTCT	59.692	42.857
DMAS-0_common_F_18	TCATTCGTCTGTTTCCCATTC	59.694	42.857
DMAS-0_common_F_19	TCATTCGTCTGTTTCCCATT	58.542	40.000

Common REVERSE primer alternatives
DMAS-0_common_R_1	GAGAACTTCAGGGTGAGTCT	59.788	50.000
DMAS-0_common_R_2	CTGAGAACTTCAGGGTGAGT	60.081	50.000
DMAS-0_common_R_3	CGTGGATCCTGAGAACTTCA	60.516	50.000
DMAS-0_common_R_4	CACGTGGATCCTGAGAACTT	60.805	50.000
DMAS-0_common_R_5	GAACTTCAGGGTGAGTCTATG	58.867	47.619
DMAS-0_common_R_6	TGAGAACTTCAGGGTGAGT	58.883	47.368
DMAS-0_common_R_7	ACGTGGATCCTGAGAACT	58.556	50.000
DMAS-0_common_R_8	ACGTGGATCCTGAGAACTT	59.359	47.368
DMAS-0_common_R_9	AGAACTTCAGGGTGAGTCT	58.565	47.368
DMAS-0_common_R_10	GAGAACTTCAGGGTGAGTCTA	59.616	47.619
DMAS-0_common_R_11	AGAACTTCAGGGTGAGTCTA	58.441	45.000
DMAS-0_common_R_12	AACTTCAGGGTGAGTCTATGG	60.245	47.619
DMAS-0_common_R_13	CACGTGGATCCTGAGAACT	60.132	52.632
DMAS-0_common_R_14	TGAGCTGCACTGTGACAA	60.508	50.000
DMAS-0_common_R_15	GAACTTCAGGGTGAGTCTATGG	61.251	50.000
DMAS-0_common_R_16	AGAACTTCAGGGTGAGTCTAT	58.965	42.857
DMAS-0_common_R_17	TGAGAACTTCAGGGTGAGTCT	61.588	47.619
DMAS-0_common_R_18	AGTGAGCTGCACTGTGA	59.399	52.941
DMAS-0_common_R_19	TGAGCTGCACTGTGACAAG	61.632	52.632
