The sequence and the coordinates match for DMAS-0.txt
