Name	Specific_primer	Match_Tm	Single_MM_Tm	Double_MM_Tm	MM_delta	GC%	Lenght	Common_primer	Match_Tm_common	GC%_common	Length_common	SNPs_FWD	Sec_str_FWD	SNPs_REV	Sec_str_REV	DeltaG_template	FWD_validation	REV_validation	Amplicon	Amp_length	Predicted_structure	Amplicon_delta_G
DMAS-0_2A_R_WT	GTTCATGTCATAGGAAGGGAAT	59.286	54.543	54.157	0.386	40.91	22	CTGAGACTTCCACACTGATG	59.009	50.0	20	0 found	0 predicted	0 found	[-21, -20, -19, -18, -17, -16, -15, -12]	-7.34	considered 1, ok 1	considered 1, ok 1	CTGAGACTTCCACACTGATGCAATCATTCGTCTGTTTCCCATTCTAAACTGTACCCTGTTACTTATTCCCTTCCTATGACATGAAC	86	......................................................................................	-0.46
DMAS-0_2T_R_WT	AGTTCATGTCATAGGAAGGGTAT	60.177	55.451	55.13	0.321	39.13	23	CTGAGACTTCCACACTGATG	59.009	50.0	20	0 found	0 predicted	0 found	[-22, -21, -20, -19, -18, -17, -16, -13]	-7.34	considered 1, ok 1	considered 1, ok 1	CTGAGACTTCCACACTGATGCAATCATTCGTCTGTTTCCCATTCTAAACTGTACCCTGTTACTTATACCCTTCCTATGACATGAACT	87	.......................................................................................	-0.48
DMAS-0_3A_R_WT	AGTTCATGTCATAGGAAGGAGAT	60.146	55.065	54.734	0.331	39.13	23	CTGAGACTTCCACACTGATG	59.009	50.0	20	0 found	0 predicted	0 found	[-22, -21, -20, -19, -18, -17, -16, -13]	-7.34	considered 1, ok 1	considered 1, ok 1	CTGAGACTTCCACACTGATGCAATCATTCGTCTGTTTCCCATTCTAAACTGTACCCTGTTACTTATCTCCTTCCTATGACATGAACT	87	.......................................................................................	-0.47
DMAS-0_3T_R_WT	AGTTCATGTCATAGGAAGGTGAT	60.621	54.745	54.406	0.339	39.13	23	CTGAGACTTCCACACTGATG	59.009	50.0	20	0 found	0 predicted	0 found	[-22, -21, -20, -19, -18, -17, -16, -13]	-7.34	considered 1, ok 1	considered 1, ok 1	CTGAGACTTCCACACTGATGCAATCATTCGTCTGTTTCCCATTCTAAACTGTACCCTGTTACTTATCACCTTCCTATGACATGAACT	87	.......................................................................................	-0.48
DMAS-0_4A_R_WT	AGTTCATGTCATAGGAAGAGGAT	60.146	55.065	54.734	0.331	39.13	23	CTGAGACTTCCACACTGATG	59.009	50.0	20	0 found	0 predicted	0 found	[-22, -21, -20, -19, -18, -17, -16, -13]	-7.34	considered 1, ok 1	considered 1, ok 1	CTGAGACTTCCACACTGATGCAATCATTCGTCTGTTTCCCATTCTAAACTGTACCCTGTTACTTATCCTCTTCCTATGACATGAACT	87	.......................................................................................	-0.47
DMAS-0_4T_R_WT	AGTTCATGTCATAGGAAGTGGAT	60.621	54.745	54.406	0.339	39.13	23	CTGAGACTTCCACACTGATG	59.009	50.0	20	0 found	0 predicted	0 found	[-22, -21, -20, -19, -18, -17, -16, -13]	-7.34	considered 1, ok 1	considered 1, ok 1	CTGAGACTTCCACACTGATGCAATCATTCGTCTGTTTCCCATTCTAAACTGTACCCTGTTACTTATCCACTTCCTATGACATGAACT	87	.......................................................................................	-0.48
