ATAGTAAAAATTGCGGAGAAGAAAAAAAAAGAAAGCAAGAATTAAACAAAAGAAAACAATTGTTATGAACAGCAAATAAAAGAAACTAAAACGATCCTGAGACTTCCACACTGATGCAATCATTCGTCTGTTTCCCATTCTAAACTGTACCCTGTTACTT[A/C]TCCCCTTCCTATGACATGAACTTAACCATAGAAAAGAAGGGGAAAGAAAACATCAAGCGTCCCATAGACTCACCCTGAAGTTCTCAGGATCCACGTGCAGCTTGTCACAGTGCAGCTCACTCAGTGTGGCAAAGGTGCCCTTGAGGTTGTCCAGGTGAGC	chr11:5226343-5226663
